---
source: crates/smth-integration-tests/tests/test.rs
expression: output
input_file: crates/smth-integration-tests/tests/cases/runner/bins.md
---
# Runner bins behavior

## One binary succeeds

A single valid binary in `:b` should append `(available)` to the directive without a callout.

    :b ls (available)

## Two binaries succeed

Two valid binaries should produce the same compact success annotation.

    :b ls cat (available)

## Three binaries succeed

Larger successful requests should remain a single line, without listing the binaries again.

    :b ls cat echo (available)

## Missing binary fails

A missing binary should produce a WARNING callout that includes an error for that exact binary.

    :b definitely-not-a-real-binary

> [!WARNING]
> 'definitely-not-a-real-binary' is unavailable: failed to add 'definitely-not-a-real-binary' to
> environment: cannot find binary path

## Multiple missing binaries fail

Multiple invalid binaries in one directive should produce multiple WARNING callouts.

    :b definitely-not-a-real-binary another-not-a-real-binary

> [!WARNING]
> 'definitely-not-a-real-binary' is unavailable: failed to add 'definitely-not-a-real-binary' to
> environment: cannot find binary path

> [!WARNING]
> 'another-not-a-real-binary' is unavailable: failed to add 'another-not-a-real-binary' to
> environment: cannot find binary path

## Mixed success and failure

Mixed results should report only failures as warnings, without an availability annotation.

    :b ls definitely-not-a-real-binary

> [!WARNING]
> 'definitely-not-a-real-binary' is unavailable: failed to add 'definitely-not-a-real-binary' to
> environment: cannot find binary path

## Mixed multiple success and multiple failure

Multiple failures should each produce a warning, without additional success callouts.

    :b ls cat definitely-not-a-real-binary another-not-a-real-binary

> [!WARNING]
> 'definitely-not-a-real-binary' is unavailable: failed to add 'definitely-not-a-real-binary' to
> environment: cannot find binary path

> [!WARNING]
> 'another-not-a-real-binary' is unavailable: failed to add 'another-not-a-real-binary' to
> environment: cannot find binary path

## Empty bins directive is a no-op

`:b` with no arguments should be accepted and report `(available)` without doing any work.

    :b (available)

---
vim: set ft=markdown:
