---
source: crates/smth-integration-tests/tests/test.rs
expression: output
input_file: crates/smth-integration-tests/tests/cases/runner/bins.md
---
# Runner bins behavior

## One binary succeeds

A single valid binary in `:b` should produce a NOTE callout and no WARNING callout.

    :b ls

> [!NOTE]
> 'ls' is available.

## Two binaries succeed

Exactly two valid binaries in one directive should both be reported as available.

    :b ls cat

> [!NOTE]
> 'ls', and 'cat' are available.

## Three binaries succeed

With 2+ valid binaries, the success message should join them correctly and mention every one.

    :b ls cat echo

> [!NOTE]
> 'ls', 'cat', and 'echo' are available.

## Missing binary fails

A missing binary should produce a WARNING callout that includes an error for that exact binary.

    :b definitely-not-a-real-binary

> [!WARNING]
> 'definitely-not-a-real-binary' is unavailable: failed to add 'definitely-not-a-real-binary' to
> environment: cannot find binary path

## Multiple missing binaries fail

Multiple invalid binaries in one directive should produce multiple WARNING callouts.

    :b definitely-not-a-real-binary another-not-a-real-binary

> [!WARNING]
> 'definitely-not-a-real-binary' is unavailable: failed to add 'definitely-not-a-real-binary' to
> environment: cannot find binary path

> [!WARNING]
> 'another-not-a-real-binary' is unavailable: failed to add 'another-not-a-real-binary' to
> environment: cannot find binary path

## Mixed success and failure

One directive should emit both NOTE and WARNING callouts when it mixes valid and invalid binaries.

    :b ls definitely-not-a-real-binary

> [!NOTE]
> 'ls' is available.

> [!WARNING]
> 'definitely-not-a-real-binary' is unavailable: failed to add 'definitely-not-a-real-binary' to
> environment: cannot find binary path

## Mixed multiple success and multiple failure

One directive with multiple valid and invalid binaries should emit one NOTE and multiple WARNING
callouts.

    :b ls cat definitely-not-a-real-binary another-not-a-real-binary

> [!NOTE]
> 'ls', and 'cat' are available.

> [!WARNING]
> 'definitely-not-a-real-binary' is unavailable: failed to add 'definitely-not-a-real-binary' to
> environment: cannot find binary path

> [!WARNING]
> 'another-not-a-real-binary' is unavailable: failed to add 'another-not-a-real-binary' to
> environment: cannot find binary path

## Empty bins directive is a no-op

`:b` with no arguments should be accepted, and only the raw directive line should be echoed.

    :b


---
vim: set ft=markdown:
