---
source: crates/smth-integration-tests/tests/test.rs
expression: output
input_file: crates/smth-integration-tests/tests/cases/runner/parsing.md
---
# Runner parser error behavior

## Unterminated shell args

Shlex failures should be preserved as parser errors and emitted as WARNING callouts by the
runner.

    :sh "unterminated

> [!WARNING]
> Parser error: invalid shell arguments

## Unknown directive

Unknown directives should be surfaced as parser errors in transcript output, rather than being
silently ignored.

    :unknown abc

> [!WARNING]
> Parser error: unknown directive ':unknown'

## Invalid snap regex

Invalid regular expressions in `:snap` should become parser errors with diagnostic detail.

    :snap /(unterminated/x

> [!WARNING]
> Parser error: invalid regex pattern: regex parse error:
>     (unterminated
>     ^
> error: unclosed group

## Invalid shift-modified text key

Shift modifier should not apply directly to text keys.

    :keys S-a

> [!WARNING]
> Parser error: 'S-' only applies to arrow keys

## Invalid shift-modified non-shiftable key

Shift modifier should only apply to arrow keys.

    :keys S-enter

> [!WARNING]
> Parser error: 'S-' only applies to arrow keys

    :keys S-tab

> [!WARNING]
> Parser error: 'S-' only applies to arrow keys

---
vim: set ft=markdown:
