---
source: crates/smth-integration-tests/tests/test.rs
expression: output
input_file: crates/smth-integration-tests/tests/cases/runner/snap.md
---
# Runner snap directive behavior

## Captures stable pane content

If repeated pane captures settle to five identical filtered snapshots before
the timeout, the settled capture should be emitted as the snapshot.

    :bins echo sleep python3

> [!NOTE]
> 'echo', 'sleep', and 'python3' are available.

    :t new-window -d -n stable 'echo "hello stable"; tmux wait-for -S ready-stable; sleep 10' (success)
    :p 0:stable.0
    :t resize-window -x 80 -y 2 -t 0:stable (success)

    :t wait-for ready-stable (success)
    :snap -c 1 /stable/X

```terminal
hello XXXXXX

```

## Paints multiple capture groups only

When a snap filter has multiple capture groups, only captured ranges should be painted and
surrounding literal text should remain unchanged.

    :t new-window -d -n groups 'echo "id=123 user=alice"; tmux wait-for -S ready-groups; sleep 10' (success)
    :p 0:groups.0
    :t resize-window -x 80 -y 2 -t 0:groups (success)

    :t wait-for ready-groups (success)
    :snap -c 1 "/id=([0-9]+) user=([a-z]+)/é"

```terminal
id=ééé user=ééééé

```

## Paints nested capture groups once

Nested capture groups overlap; painting should merge overlapping captured ranges so characters are
painted once.

    :t new-window -d -n nested 'echo "token=abcd"; tmux wait-for -S ready-nested; sleep 10' (success)
    :p 0:nested.0
    :t resize-window -x 80 -y 2 -t 0:nested (success)

    :t wait-for ready-nested (success)
    :snap -c 1 /token=(a(bc)d)/é

```terminal
token=éééé

```

## Preserves colors when painting filtered output

A colorized snap should apply filter replacement characters on top of the pane cell styles, so the
linked SVG snapshot keeps the replacements colorized across multiple source colors.

    :w scripts/rainbow.py (written)

```python
from subprocess import run

colors = [31, 32, 33, 34, 35, 36, 91, 92, 93]
for color, char in zip(colors, "colorized", strict=True):
    print(f"\033[{color}m{char}", end="")
print("\033[0m", flush=True)
run(["tmux", "wait-for", "-S", "ready-color"], check=True)
```


    :t new-window -d -n color 'python3 scripts/rainbow.py; sleep 10' (success)
    :p 0:color.0
    :t resize-window -x 80 -y 2 -t 0:color (success)

    :t wait-for ready-color (success)
    :snap --color -c 1 /colorized/X

```terminal
XXXXXXXXX

```

![light](snap.md.snap.4.light.svg)
![dark](snap.md.snap.4.dark.svg)

## Settles without emitting a snapshot

The settle directive uses the same settling and filtering rules as snap, but does not append a
terminal block when the pane settles.

    :t new-window -d -n settle 'echo "hello settle"; tmux wait-for -S ready-settle; sleep 10' (success)
    :p 0:settle.0
    :t resize-window -x 80 -y 2 -t 0:settle (success)

    :t wait-for ready-settle (success)
    :settle -c 1 /settle/X (settled)

## Warns for unstable pane content

If repeated pane captures do not settle before the timeout, the runner should
emit a warning instead of a snapshot.

    :w scripts/unstable.py (written)

```python
from subprocess import run
from time import sleep

run(["tmux", "wait-for", "-S", "ready-unstable"], check=True)
for i in range(1000000):
    print(i, flush=True)
    sleep(0.005)
```


    :t new-window -d -n unstable 'python3 scripts/unstable.py' (success)
    :p 0:unstable.0
    :t resize-window -x 80 -y 2 -t 0:unstable (success)

    :t wait-for ready-unstable (success)
    :snap -d 200ms

> [!WARNING]
> pane did not stabilize in 200ms

---
vim: set ft=markdown:
