---
source: crates/smth/tests/test.rs
expression: output
input_file: crates/smth/tests/cases/ui/new-session-shortcut.md
---
# New session row

This scenario creates several repo-backed picker entries, with both live tmux
sessions and discoverable repos that do not have live sessions. It verifies that
the ephemeral plain-session row is selectable below the repository candidate
when the query is non-empty, with names disambiguated from live sessions as
needed.

    :b jj cat (available)
    :cp tests/fixtures/jjconfig.toml .jjconfig.toml (copied)
    :t rename-session -t 0 runner (success)
    :$ jj git init alpha (exit: 0)
    :$ jj describe -R alpha -m "alpha commit" (exit: 0)
    :$ jj git init beta (exit: 0)
    :$ jj describe -R beta -m "beta commit" (exit: 0)
    :$ jj git init gamma (exit: 0)
    :$ jj describe -R gamma -m "gamma commit" (exit: 0)
    :$ jj git init delta (exit: 0)
    :$ jj describe -R delta -m "delta commit" (exit: 0)

Launch live sessions for `alpha` and `gamma`, while `beta` and `delta` remain
repo-only entries discovered through the CLI globs.

    :$ smth --base alpha --create (exit: 0)

```stdout
alpha
```

    :$ smth --base gamma --create (exit: 0)

```stdout
gamma
```

    :t new-session -d -s ui "smth -r 'alpha' -r 'beta' -r 'gamma' -r 'delta'" (success)
    :t resize-window -t ui:0 -x 120 -y 12 (success)
    :p ui:0.0
    :settle (settled)

Initially the query is empty, so no new-session candidate is available.
Pressing `C-n` should do nothing and leave the picker open in the same state.

    :snap "/\d{4}-\d{2}-\d{2} \d{2}:\d{2}:\d{1,2}/t" "/(?:@|○|◆)\s+([a-z]{8})/w" "/\b([0-9a-f]{8})\b/h"

```terminal
session:
  6/6 | [C-r] repo: none
▌■ runner                                                                                                              ┃
 [C-x] close, [C-f] flag
────────────────────────────────────────────────────────────────────────────────────────────────────────────────────────







```

    :k C-n
    :snap "/\d{4}-\d{2}-\d{2} \d{2}:\d{2}:\d{1,2}/t" "/(?:@|○|◆)\s+([a-z]{8})/w" "/\b([0-9a-f]{8})\b/h"

```terminal
session:
  6/6 | [C-r] repo: none
▌■ runner                                                                                                              ┃
 [C-x] close, [C-f] flag
────────────────────────────────────────────────────────────────────────────────────────────────────────────────────────







```

Typing a prefix of the live `alpha` session makes the new-session row selectable,
because `alp` is not an exact live session name.

    :k alp M-up down
    :snap "/\d{4}-\d{2}-\d{2} \d{2}:\d{2}:\d{1,2}/t" "/(?:@|○|◆)\s+([a-z]{8})/w" "/\b([0-9a-f]{8})\b/h"

```terminal
session: alp
  1/6 | [C-r] repo: none
▌  alp                                                                                                            tmux ┃

────────────────────────────────────────────────────────────────────────────────────────────────────────────────────────







```

Completing the live session name causes the new-session row's name to become
disambiguated.

    :k ha
    :snap "/\d{4}-\d{2}-\d{2} \d{2}:\d{2}:\d{1,2}/t" "/(?:@|○|◆)\s+([a-z]{8})/w" "/\b([0-9a-f]{8})\b/h"

```terminal
session: alpha
  1/6 | [C-r] repo: none
▌  alpha~1                                                                                                        tmux ┃

────────────────────────────────────────────────────────────────────────────────────────────────────────────────────────







```

Search for the non-live `beta` repo and select the prospective plain-session
row again. Its name should have no suffix because no live session is named
`beta`; selecting the candidate keeps that assertion visible in the snapshot.

    :k C-u beta
    :settle -d 2s -e '^session: beta' -e '1/6' (settled)
    :k M-up
    :snap "/\d{4}-\d{2}-\d{2} \d{2}:\d{2}:\d{1,2}/t" "/(?:@|○|◆)\s+([a-z]{8})/w" "/\b([0-9a-f]{8})\b/h"

```terminal
session: beta
  1/6 | [C-r] repo: none
▌  beta                                                                                                           tmux ┃

────────────────────────────────────────────────────────────────────────────────────────────────────────────────────────







```

---
vim: set ft=markdown:
