---
source: crates/smth/tests/test.rs
expression: output
input_file: crates/smth/tests/cases/ui/new-session-legacy-workspace-store.md
---
# New session legacy workspace store

Legacy jj repositories can have an empty workspace store index. In that state,
`jj workspace list` succeeds but reports no recorded roots. A new repo-backed
session should use the selected workspace path itself as the base for creating a
new workspace.

    :bins jj tmux sh sed

> [!NOTE]
> 'jj', 'tmux', 'sh', and 'sed' are available.

    :copy tests/fixtures/jjconfig.toml .jjconfig.toml (copied)

    :t rename-session -t 0 runner (success)
    :$ jj git init beta (exit: 0)
    :$ jj workspace add -R beta --name zeta beta.zeta (exit: 0)
    :$ sh -c ': > beta/.jj/repo/workspace_store/index' (exit: 0)
    :t new-session -d -s ui "cd beta.zeta && smth" (success)
    :t resize-window -t ui:0 -x 120 -y 10 (success)
    :pane ui:0.0
    :settle -d 2s (settled)

Type a new workspace name. The current repo has no recorded workspace root, so
its own path is used as the base.

    :k omega
    :snap "/\d{4}-\d{2}-\d{2} \d{2}:\d{2}:\d{1,2}/t" "/(?:@|○|◆)\s+([a-z]{8})/w" "/\b([0-9a-f]{8})\b/h"

```terminal
session: omega
  0/2 | [C-r] repo: ~/beta.zeta, [C-o] onto: trunk()
▌  beta-zeta/omega                          ~/beta.zeta.omega                                                          ┃
────────────────────────────────────────────────────────────────────────────────────────────────────────────────────────
@  wwwwwwww (no email set) ttttttttttttttttttt zeta@ hhhhhhhh
│  (empty) (no description set)
│ ○  wwwwwwww (no email set) ttttttttttttttttttt default@ hhhhhhhh
├─╯  (empty) (no description set)
◆  wwwwwwww root() hhhhhhhh

```

    :k Enter
    :settle -d 2s (settled)

Accepting the row should create a workspace from `beta.zeta`, not from the
unrecorded default workspace.

    :t display-message -p '#{client_session}' (success)

```
beta-zeta/omega
```

    :t list-sessions -F '#{session_name}:#{b:@smth.repo}' (success)

```
beta-zeta/omega:beta.zeta.omega
runner:
```

    :$ sh -c 'jj workspace list -R beta.zeta --no-pager --color never --template "name ++ \"\\t\" ++ root ++ \"\\n\"" | sed "s#$PWD/##g"' (exit: 0)

```stdout
default	
omega	beta.zeta.omega
zeta	
```

---
vim: set ft=markdown:
