---
source: crates/smth/tests/test.rs
expression: output
input_file: crates/smth/tests/cases/ui/new-session-create-with-repo.md
---
# New session create with repo

Selecting the ephemeral new-session row uses the current repo context when
creating a new named session, so the new session starts in that repo and records
`@smth.repo` metadata.

    :bins jj tmux

> [!NOTE]
> 'jj', and 'tmux' are available.

    :copy tests/fixtures/jjconfig.toml .jjconfig.toml (copied)

    :t rename-session -t 0 runner (success)
    :$ jj git init beta (exit: 0)
    :$ jj describe -R beta -m "beta commit" (exit: 0)
    :t new-session -d -s ui "smth -r beta" (success)
    :t resize-window -t ui:0 -x 120 -y 10 (success)
    :pane ui:0.0
    :settle -d 2s (settled)

Select the discovered repo, set it as the current repo context, then accept the
new-session row for `zeta`.

    :k beta C-r C-u zeta
    :snap "/\d{4}-\d{2}-\d{2} \d{2}:\d{2}:\d{1,2}/t" "/(?:@|○|◆)\s+([a-z]{8})/w" "/\b([0-9a-f]{8})\b/h"

```terminal
session: zeta
  0/3 | [C-r] repo: ~/beta, [C-o] onto: trunk()
▌  beta/zeta                                ~/beta.zeta                                                                ┃
────────────────────────────────────────────────────────────────────────────────────────────────────────────────────────
@  wwwwwwww (no email set) ttttttttttttttttttt hhhhhhhh
│  (empty) beta commit
◆  wwwwwwww root() hhhhhhhh



```

    :k Enter
    :settle -d 2s (settled)

The client should switch to the new session, and the session should carry the
selected repo metadata.

    :t display-message -p '#{client_session}' (success)

```
beta/zeta
```

    :t list-sessions -F '#{session_name}:#{b:@smth.repo}' (success)

```
beta/zeta:beta.zeta
runner:
```

---
vim: set ft=markdown:
