---
source: crates/smth/tests/test.rs
expression: output
input_file: crates/smth/tests/cases/ui/new-session-workspace-path-collision.md
---
# New session workspace path collision

When a new repo-backed session would create a workspace at an already-existing
path, the workspace name is disambiguated so the derived path is available.

    :bins jj tmux mkdir sh sed

> [!NOTE]
> 'jj', 'tmux', 'mkdir', 'sh', and 'sed' are available.

    :copy tests/fixtures/jjconfig.toml .jjconfig.toml (copied)

    :t rename-session -t 0 runner (success)
    :$ jj git init beta (exit: 0)
    :$ mkdir beta.zeta (exit: 0)
    :$ jj describe -R beta -m "beta commit" (exit: 0)
    :t new-session -d -s ui "smth -r beta" (success)
    :t resize-window -t ui:0 -x 120 -y 10 (success)
    :pane ui:0.0
    :settle -d 2s (settled)

Select the default repo, set it as the current repo context, then type the name
whose derived destination already exists.

    :k beta C-r C-u zeta
    :snap "/\d{4}-\d{2}-\d{2} \d{2}:\d{2}:\d{1,2}/t" "/(?:@|○|◆)\s+([a-z]{8})/w" "/\b([0-9a-f]{8})\b/h"

```terminal
session: zeta
  0/3 | [C-r] repo: ~/beta, [C-o] onto: trunk()
▌  beta/zeta~1                              ~/beta.zeta~1                                                              ┃
────────────────────────────────────────────────────────────────────────────────────────────────────────────────────────
@  wwwwwwww (no email set) ttttttttttttttttttt hhhhhhhh
│  (empty) beta commit
◆  wwwwwwww root() hhhhhhhh



```

    :k Enter
    :settle -d 2s (settled)

Accepting the row should create and switch to a workspace whose derived path is
free.

    :t display-message -p '#{client_session}' (success)

```
beta/zeta~1
```

    :t list-sessions -F '#{session_name}:#{b:@smth.repo}' (success)

```
beta/zeta~1:beta.zeta~1
runner:
```

    :$ sh -c 'jj workspace list -R beta --no-pager --color never --template "name ++ \"\\t\" ++ root ++ \"\\n\"" | sed "s#$PWD/##g"' (exit: 0)

```stdout
default	beta
"zeta~1"	beta.zeta~1
```

---
vim: set ft=markdown:
