---
source: crates/smth/tests/test.rs
expression: output
input_file: crates/smth/tests/cases/ui/onto-option.md
---
# Onto option

An explicit `--onto` revision should seed the interactive repository context
without opening the revision picker.

Initialize `alpha` with a described working-copy commit, then launch from outside
it so repository and revision context must come from explicit CLI options.

    :b jj cat (available)
    :cp tests/fixtures/jjconfig.toml .jjconfig.toml (copied)
    :t rename-session -t 0 runner (success)
    :$ jj git init alpha (exit: 0)
    :$ jj describe -R alpha -m "base commit" (exit: 0)

Launch the picker from outside the repository. The header should display the
revision supplied on the command line rather than `trunk()`.

    :t new-session -d -s ui "smth --base alpha --onto @" (success)
    :t resize-window -t ui:0 -x 100 -y 10 (success)
    :p ui:0.0
    :snap -d 2s

```terminal
session:
  2/2 | [C-r] repo: ~/alpha, [C-o] onto: @
▌■ runner                                                                                          ┃
 [C-x] close, [C-f] flag
────────────────────────────────────────────────────────────────────────────────────────────────────





```

An explicit revision is invalid when `--no-base` suppresses repository context
or when no repository can be inferred.

    :$ smth --no-base --onto @ --filter (exit: 1)

```stderr
error: --onto requires a base repository
```

    :$ smth --onto @ --filter (exit: 1)

```stderr
error: --onto requires a base repository
```

---
vim: set ft=markdown:
