---
source: crates/smth/tests/test.rs
expression: output
input_file: crates/smth/tests/cases/ui/onto-scrollbar.md
---
# Onto scrollbar

This scenario verifies that the onto picker selects and inverts the working-copy
commit, navigates commits independently from fuzzy matching, jumps between
matches, and scrolls an overflowing current-repo log.

    :bins jj cat python3 sleep

> [!NOTE]
> 'jj', 'cat', 'python3', and 'sleep' are available.

    :copy tests/fixtures/jjconfig.toml .jjconfig.toml (copied)

    :w scripts/mklog.py (written)

```python
from subprocess import run
from sys import argv

repo, prefix, count = argv[1:]
count = int(count)
for i in range(1, count + 1):
    run(["jj", "describe", "-R", repo, "-m", f"{prefix} {i:02d}"], check=True)
    if i != count:
        run(["jj", "new", "-R", repo], check=True)
```

    :t rename-session -t 0 runner (success)
    :$ jj git init long (exit: 0)
    :$ python3 scripts/mklog.py long line 6 (exit: 0)
    :$ jj new -R long (exit: 0)
    :$ jj describe -R long -m child (exit: 0)
    :$ jj edit -R long @- (exit: 0)
    :t new-session -d -s plain "cat" (success)
    :t new-session -d -s ui "cd long && smth -r ../long" (success)
    :t resize-window -t ui:0 -x 90 -y 10 (success)
    :pane ui:0.0

Press `C-o` to render the current repo log in the onto picker. The child commit
appears first, but the working-copy commit marked `@` should start selected and
inverted. The scrollbar thumb should remain visible at the top edge.

    :settle -d 2s (settled)
    :k C-o
    :snap --color -d 2s "/\d{4}-\d{2}-\d{2} \d{2}:\d{2}:\d{1,2}/t" "/(?:@|○|◆)\s+([a-z]{8})/w" "/\b([0-9a-f]{8})\b/h"

```terminal
onto:
  4/4 | [C-r] repo: ~/long, [C-o] onto: trunk() | [C-x] close, [C-f] flag
▌⬤ runner                                                                                ┃
──────────────────────────────────────────────────────────────────────────────────────────
○  wwwwwwww (no email set) ttttttttttttttttttt hhhhhhhh                                  ┃
│  (empty) child                                                                         ┃
@  wwwwwwww (no email set) ttttttttttttttttttt hhhhhhhh                                  │
│  (empty) line 06                                                                       │
○  wwwwwwww (no email set) ttttttttttttttttttt hhhhhhhh                                  │
│  (empty) line 05                                                                       │
```

![light](onto-scrollbar.md.snap.1.light.svg)
![dark](onto-scrollbar.md.snap.1.dark.svg)

Typing an onto query should update the fuzzy model used by rendering. Matching
characters should be reversed against their surrounding row; inside the selected
reversed `line 06` row, they should be switched back for contrast.

    :k pty6
    :snap --color "/\d{4}-\d{2}-\d{2} \d{2}:\d{2}:\d{1,2}/t" "/(?:@|○|◆)\s+([a-z]{8})/w" "/\b([0-9a-f]{8})\b/h"

```terminal
onto: pty6
  4/4 | [C-r] repo: ~/long, [C-o] onto: trunk() | [C-x] close, [C-f] flag
▌⬤ runner                                                                                ┃
──────────────────────────────────────────────────────────────────────────────────────────
○  wwwwwwww (no email set) ttttttttttttttttttt hhhhhhhh                                  ┃
│  (empty) child                                                                         ┃
@  wwwwwwww (no email set) ttttttttttttttttttt hhhhhhhh                                  │
│  (empty) line 06                                                                       │
○  wwwwwwww (no email set) ttttttttttttttttttt hhhhhhhh                                  │
│  (empty) line 05                                                                       │
```

![light](onto-scrollbar.md.snap.2.light.svg)
![dark](onto-scrollbar.md.snap.2.dark.svg)

`Down` should move selection to `line 05` even though it does not match the
query. The matching characters stay reversed on `line 06` while the full-row
inversion moves down.

    :k Down
    :snap --color "/\d{4}-\d{2}-\d{2} \d{2}:\d{2}:\d{1,2}/t" "/(?:@|○|◆)\s+([a-z]{8})/w" "/\b([0-9a-f]{8})\b/h"

```terminal
onto: pty6
  4/4 | [C-r] repo: ~/long, [C-o] onto: trunk() | [C-x] close, [C-f] flag
▌⬤ runner                                                                                ┃
──────────────────────────────────────────────────────────────────────────────────────────
○  wwwwwwww (no email set) ttttttttttttttttttt hhhhhhhh                                  ┃
│  (empty) child                                                                         ┃
@  wwwwwwww (no email set) ttttttttttttttttttt hhhhhhhh                                  │
│  (empty) line 06                                                                       │
○  wwwwwwww (no email set) ttttttttttttttttttt hhhhhhhh                                  │
│  (empty) line 05                                                                       │
```

![light](onto-scrollbar.md.snap.3.light.svg)
![dark](onto-scrollbar.md.snap.3.dark.svg)

`Up` should move selection back to the working-copy commit.

    :k Up
    :snap --color "/\d{4}-\d{2}-\d{2} \d{2}:\d{2}:\d{1,2}/t" "/(?:@|○|◆)\s+([a-z]{8})/w" "/\b([0-9a-f]{8})\b/h"

```terminal
onto: pty6
  4/4 | [C-r] repo: ~/long, [C-o] onto: trunk() | [C-x] close, [C-f] flag
▌⬤ runner                                                                                ┃
──────────────────────────────────────────────────────────────────────────────────────────
○  wwwwwwww (no email set) ttttttttttttttttttt hhhhhhhh                                  ┃
│  (empty) child                                                                         ┃
@  wwwwwwww (no email set) ttttttttttttttttttt hhhhhhhh                                  │
│  (empty) line 06                                                                       │
○  wwwwwwww (no email set) ttttttttttttttttttt hhhhhhhh                                  │
│  (empty) line 05                                                                       │
```

![light](onto-scrollbar.md.snap.4.light.svg)
![dark](onto-scrollbar.md.snap.4.dark.svg)

Pressing `Up` twice should move to the child commit, then remain there because it
is the first commit in the view.

    :k Up Up
    :snap --color "/\d{4}-\d{2}-\d{2} \d{2}:\d{2}:\d{1,2}/t" "/(?:@|○|◆)\s+([a-z]{8})/w" "/\b([0-9a-f]{8})\b/h"

```terminal
onto: pty6
  4/4 | [C-r] repo: ~/long, [C-o] onto: trunk() | [C-x] close, [C-f] flag
▌⬤ runner                                                                                ┃
──────────────────────────────────────────────────────────────────────────────────────────
○  wwwwwwww (no email set) ttttttttttttttttttt hhhhhhhh                                  ┃
│  (empty) child                                                                         ┃
@  wwwwwwww (no email set) ttttttttttttttttttt hhhhhhhh                                  │
│  (empty) line 06                                                                       │
○  wwwwwwww (no email set) ttttttttttttttttttt hhhhhhhh                                  │
│  (empty) line 05                                                                       │
```

![light](onto-scrollbar.md.snap.5.light.svg)
![dark](onto-scrollbar.md.snap.5.dark.svg)

Search for every numbered `line` commit. `Tab` should skip the selected,
non-matching child and select the next matching commit in rendered order. A
transient padded, inverted widget immediately left of the scrollbar shows that
this is the first of six matching commits.

    :k C-u line
    :settle (settled)

    :k Tab
    :snap --color "/\d{4}-\d{2}-\d{2} \d{2}:\d{2}:\d{1,2}/t" "/(?:@|○|◆)\s+([a-z]{8})/w" "/\b([0-9a-f]{8})\b/h"

```terminal
onto: line
  4/4 | [C-r] repo: ~/long, [C-o] onto: trunk() | [C-x] close, [C-f] flag
▌⬤ runner                                                                                ┃
──────────────────────────────────────────────────────────────────────────────────────────
○  wwwwwwww (no email set) ttttttttttttttttttt hhhhhhhh                              1/6 ┃
│  (empty) child                                                                         ┃
@  wwwwwwww (no email set) ttttttttttttttttttt hhhhhhhh                                  │
│  (empty) line 06                                                                       │
○  wwwwwwww (no email set) ttttttttttttttttttt hhhhhhhh                                  │
│  (empty) line 05                                                                       │
```

![light](onto-scrollbar.md.snap.6.light.svg)
![dark](onto-scrollbar.md.snap.6.dark.svg)

`S-tab` should wrap to the final matching commit before the root and update the
widget.

    :k BTab
    :snap --color "/\d{4}-\d{2}-\d{2} \d{2}:\d{2}:\d{1,2}/t" "/(?:@|○|◆)\s+([a-z]{8})/w" "/\b([0-9a-f]{8})\b/h"

```terminal
onto: line
  4/4 | [C-r] repo: ~/long, [C-o] onto: trunk() | [C-x] close, [C-f] flag
▌⬤ runner                                                                                ┃
──────────────────────────────────────────────────────────────────────────────────────────
○  wwwwwwww (no email set) ttttttttttttttttttt hhhhhhhh                              6/6 │
│  (empty) line 03                                                                       │
○  wwwwwwww (no email set) ttttttttttttttttttt hhhhhhhh                                  │
│  (empty) line 02                                                                       ┃
○  wwwwwwww (no email set) ttttttttttttttttttt hhhhhhhh                                  ┃
│  (empty) line 01                                                                       ┃
```

![light](onto-scrollbar.md.snap.7.light.svg)
![dark](onto-scrollbar.md.snap.7.dark.svg)

`Tab` should wrap back to the first matching commit.

    :k Tab
    :snap --color "/\d{4}-\d{2}-\d{2} \d{2}:\d{2}:\d{1,2}/t" "/(?:@|○|◆)\s+([a-z]{8})/w" "/\b([0-9a-f]{8})\b/h"

```terminal
onto: line
  4/4 | [C-r] repo: ~/long, [C-o] onto: trunk() | [C-x] close, [C-f] flag
▌⬤ runner                                                                                ┃
──────────────────────────────────────────────────────────────────────────────────────────
@  wwwwwwww (no email set) ttttttttttttttttttt hhhhhhhh                              1/6 │
│  (empty) line 06                                                                       ┃
○  wwwwwwww (no email set) ttttttttttttttttttt hhhhhhhh                                  ┃
│  (empty) line 05                                                                       │
○  wwwwwwww (no email set) ttttttttttttttttttt hhhhhhhh                                  │
│  (empty) line 04                                                                       │
```

![light](onto-scrollbar.md.snap.8.light.svg)
![dark](onto-scrollbar.md.snap.8.dark.svg)

Moving manually should hide the match-position widget immediately, before its
timeout.

    :k Down
    :snap --color "/\d{4}-\d{2}-\d{2} \d{2}:\d{2}:\d{1,2}/t" "/(?:@|○|◆)\s+([a-z]{8})/w" "/\b([0-9a-f]{8})\b/h"

```terminal
onto: line
  4/4 | [C-r] repo: ~/long, [C-o] onto: trunk() | [C-x] close, [C-f] flag
▌⬤ runner                                                                                ┃
──────────────────────────────────────────────────────────────────────────────────────────
@  wwwwwwww (no email set) ttttttttttttttttttt hhhhhhhh                                  │
│  (empty) line 06                                                                       ┃
○  wwwwwwww (no email set) ttttttttttttttttttt hhhhhhhh                                  ┃
│  (empty) line 05                                                                       │
○  wwwwwwww (no email set) ttttttttttttttttttt hhhhhhhh                                  │
│  (empty) line 04                                                                       │
```

![light](onto-scrollbar.md.snap.9.light.svg)
![dark](onto-scrollbar.md.snap.9.dark.svg)

Jump to another match, then wait beyond the one-second timeout. The selection
should remain while the widget disappears.

    :k Tab
    :$ sleep 1.1 (exit: 0)

    :snap "/\d{4}-\d{2}-\d{2} \d{2}:\d{2}:\d{1,2}/t" "/(?:@|○|◆)\s+([a-z]{8})/w" "/\b([0-9a-f]{8})\b/h"

```terminal
onto: line
  4/4 | [C-r] repo: ~/long, [C-o] onto: trunk() | [C-x] close, [C-f] flag
▌⬤ runner                                                                                ┃
──────────────────────────────────────────────────────────────────────────────────────────
@  wwwwwwww (no email set) ttttttttttttttttttt hhhhhhhh                                  │
│  (empty) line 06                                                                       ┃
○  wwwwwwww (no email set) ttttttttttttttttttt hhhhhhhh                                  ┃
│  (empty) line 05                                                                       │
○  wwwwwwww (no email set) ttttttttttttttttttt hhhhhhhh                                  │
│  (empty) line 04                                                                       │
```

Repeatedly pressing `Down` past the other end should leave the root commit
selected and scroll it into view.

    :k Down Down Down Down Down Down Down Down Down Down Down Down
    :snap --color "/\d{4}-\d{2}-\d{2} \d{2}:\d{2}:\d{1,2}/t" "/(?:@|○|◆)\s+([a-z]{8})/w" "/\b([0-9a-f]{8})\b/h"

```terminal
onto: line
  4/4 | [C-r] repo: ~/long, [C-o] onto: trunk() | [C-x] close, [C-f] flag
▌⬤ runner                                                                                ┃
──────────────────────────────────────────────────────────────────────────────────────────
│  (empty) line 03                                                                       │
○  wwwwwwww (no email set) ttttttttttttttttttt hhhhhhhh                                  │
│  (empty) line 02                                                                       │
○  wwwwwwww (no email set) ttttttttttttttttttt hhhhhhhh                                  │
│  (empty) line 01                                                                       ┃
◆  wwwwwwww root() hhhhhhhh                                                              ┃
```

![light](onto-scrollbar.md.snap.11.light.svg)
![dark](onto-scrollbar.md.snap.11.dark.svg)

After jumping to a match, editing the query should immediately hide the match
counter without moving the selection.

    :k Tab
    :k backspace
    :snap "/\d{4}-\d{2}-\d{2} \d{2}:\d{2}:\d{1,2}/t" "/(?:@|○|◆)\s+([a-z]{8})/w" "/\b([0-9a-f]{8})\b/h"

```terminal
onto: lin
  4/4 | [C-r] repo: ~/long, [C-o] onto: trunk() | [C-x] close, [C-f] flag
▌⬤ runner                                                                                ┃
──────────────────────────────────────────────────────────────────────────────────────────
@  wwwwwwww (no email set) ttttttttttttttttttt hhhhhhhh                                  │
│  (empty) line 06                                                                       ┃
○  wwwwwwww (no email set) ttttttttttttttttttt hhhhhhhh                                  ┃
│  (empty) line 05                                                                       │
○  wwwwwwww (no email set) ttttttttttttttttttt hhhhhhhh                                  │
│  (empty) line 04                                                                       │
```

---
vim: set ft=markdown:
