---
source: crates/smth/tests/test.rs
expression: output
input_file: crates/smth/tests/cases/ui/onto-accept.md
---
# Accept onto revision

This scenario selects a bookmarked commit from the onto picker and verifies that
accepting it returns to session mode with the semantic bookmark in the header,
without the push-status marker rendered by `jj`.

    :bins git jj tmux sh sleep grep

> [!NOTE]
> 'git', 'jj', 'tmux', 'sh', 'sleep', and 'grep' are available.

    :copy tests/fixtures/jjconfig.toml .jjconfig.toml (copied)

    :t rename-session -t 0 runner (success)
    :$ jj config set --user user.name "Test User" (exit: 0)
    :$ jj config set --user user.email test@example.com (exit: 0)
    :$ git init --bare -q origin.git (exit: 0)
    :$ jj git init alpha (exit: 0)
    :$ sh -c 'printf "pushed\n" > alpha/pushed.txt' (exit: 0)
    :$ jj describe -R alpha -m "pushed commit" (exit: 0)
    :$ jj bookmark create -R alpha -r @ base (exit: 0)
    :$ jj git remote add -R alpha origin origin.git (exit: 0)
    :$ jj git push -R alpha --bookmark base (exit: 0)
    :$ jj new -R alpha (exit: 0)
    :$ sh -c 'printf "base\n" > alpha/base.txt' (exit: 0)
    :$ jj describe -R alpha -m "base commit" (exit: 0)
    :$ jj bookmark set -R alpha -r @ base (exit: 0)
    :$ jj new -R alpha (exit: 0)
    :$ jj describe -R alpha -m "working copy" (exit: 0)
    :t new-session -d -s ui "cd alpha && smth -r ../alpha" (success)
    :t resize-window -t ui:0 -x 90 -y 10 (success)
    :pane ui:0.0
    :settle -d 2s (settled)

Open the onto picker and wait for its working-copy row to load. Abandon that
commit from outside the picker so the loaded revision hint becomes stale.
Accepting the stale row should reload the current repo log without leaving onto
mode.

    :k C-o
    :settle -d 2s (settled)
    :$ sh -c 'until tmux capture-pane -p -t ui:0 | grep -q "working copy"; do sleep 0.01; done' (exit: 0)

    :$ jj abandon -R alpha -r @ (exit: 0)
    :k enter
    :$ sh -c 'until pane=$(tmux capture-pane -p -t ui:0) && ! printf "%s\n" "$pane" | grep -q "working copy" && printf "%s\n" "$pane" | grep -q "base commit"; do sleep 0.01; done' (exit: 0)

Move from the refreshed working-copy commit to the bookmarked base and accept
it. Although the local bookmark is ahead of its remote and renders as `base*` in
the log, the semantic revision in the header should be `base`. The session query
and selection should remain unchanged.

    :k down enter
    :snap -d 2s

```terminal
session:
  3/3 | [C-r] repo: ~/alpha, [C-o] onto: base | [C-x] close, [C-f] flag
▌⬤ runner                                                                                ┃
──────────────────────────────────────────────────────────────────────────────────────────






```

Create a new workspace-backed session and verify that its parent is the selected
base commit rather than the previous `trunk()` default.

    :k feature C-n
    :$ sh -c 'until tmux has-session -t alpha/feature 2>/dev/null; do sleep 0.01; done' (exit: 0)

    :$ jj log -R alpha.feature -r @- --ignore-working-copy --no-graph --color never --template description (exit: 0)

```stdout
base commit
```

---
vim: set ft=markdown:
