---
source: crates/smth/tests/test.rs
expression: output
input_file: crates/smth/tests/cases/ui/repo-session-create-disambiguated.md
---
# Repo session create disambiguated

When a discovered repo's default session name is already used by an unrelated
live tmux session, selecting the repo should create and switch to a disambiguated
session name using a tilde suffix.

    :bins jj tmux cat

> [!NOTE]
> 'jj', 'tmux', and 'cat' are available.

    :copy tests/fixtures/jjconfig.toml .jjconfig.toml (copied)

    :t rename-session -t 0 runner (success)
    :$ jj git init beta (exit: 0)
    :$ jj describe -R beta -m "beta commit" (exit: 0)
    :t new-session -d -s beta "cat" (success)

Launch the picker and select the inactive repo row, not the existing live
session with the same name.

    :t new-session -d -s ui "smth -r beta" (success)
    :t resize-window -t ui:0 -x 120 -y 10 (success)
    :pane ui:0.0
    :settle -d 2s (settled)
    :k beta down
    :snap --color "/\d{4}-\d{2}-\d{2} \d{2}:\d{2}:\d{1,2}/t" "/(?:@|○|◆)\s+([a-z]{8})/w" "/\b([0-9a-f]{8})\b/h"

```terminal
session: beta
  2/4 | [C-r] repo: none
▌  beta~1                                   ~/beta                                                                     ┃
────────────────────────────────────────────────────────────────────────────────────────────────────────────────────────
@  wwwwwwww (no email set) ttttttttttttttttttt hhhhhhhh
│  (empty) beta commit
◆  wwwwwwww root() hhhhhhhh



```

![light](repo-session-create-disambiguated.md.snap.1.light.svg)
![dark](repo-session-create-disambiguated.md.snap.1.dark.svg)

Accepting the repo row should create `beta~2`, attach repo metadata to that
session, and switch the client there.

    :k enter
    :settle -d 2s (settled)

    :t display-message -p '#{client_session}' (success)

```
beta~1
```
    :t list-sessions -F '#{session_name}:#{b:@smth.repo}' (success)

```
beta:
beta~1:beta
runner:
```

---
vim: set ft=markdown:
