---
source: crates/sesh/tests/test.rs
expression: output
input_file: crates/sesh/tests/cases/ui/list-extreme-navigation.md
---
# List extreme navigation

`M-up` and `M-down` jump to the first and last selectable rows in the session
list. The top spacer for an unavailable new session is not selectable, while a
valid new-session row is selectable.

    :bins jj cat

> [!NOTE]
> 'jj', and 'cat' are available.

    :copy tests/fixtures/jjconfig.toml .jjconfig.toml (copied)

    :t rename-session -t 0 runner (success)
    :t new-session -d -s beta "cat" (success)
    :t new-session -d -s delta "cat" (success)
    :t new-session -d -s ta "cat" (success)
    :t new-session -d -s zeta "cat" (success)
    :t new-session -d -s ui "sesh" (success)
    :t resize-window -t ui:0 -x 100 -y 12 (success)
    :pane ui:0.0
    :settle (settled)

Hide the preview so the session list has enough room to show several entries.
With no query, the top row is an unselectable spacer; `M-down` jumps to the
last row and `M-up` jumps back to the first selectable session.

    :k C-p
    :snap

```terminal
session:                                                                                           ┃
  6/6 | [C-r] repo: none | [C-x] close, [C-f] flag                                                 ┃
 ⬤ ui                                                                                              ┃
▌⬤ runner                                                                                          ┃
 ⬤ beta                                                                                            ┃
 ⬤ delta                                                                                           ┃
 ⬤ ta                                                                                              ┃
 ⬤ zeta                                                                                            ┃
                                                                                                   ┃
                                                                                                   ┃
                                                                                                   ┃
                                                                                                   ┃
```

    :k M-down
    :snap

```terminal
session:                                                                                           ┃
  6/6 | [C-r] repo: none | [C-x] close, [C-f] flag                                                 ┃
 ⬤ ui                                                                                              ┃
 ⬤ runner                                                                                          ┃
 ⬤ beta                                                                                            ┃
 ⬤ delta                                                                                           ┃
 ⬤ ta                                                                                              ┃
▌⬤ zeta                                                                                            ┃
                                                                                                   ┃
                                                                                                   ┃
                                                                                                   ┃
                                                                                                   ┃
```

    :k M-up
    :snap

```terminal
session:                                                                                           ┃
  6/6 | [C-r] repo: none | [C-x] close, [C-f] flag                                                 ┃
▌⬤ ui                                                                                              ┃
 ⬤ runner                                                                                          ┃
 ⬤ beta                                                                                            ┃
 ⬤ delta                                                                                           ┃
 ⬤ ta                                                                                              ┃
 ⬤ zeta                                                                                            ┃
                                                                                                   ┃
                                                                                                   ┃
                                                                                                   ┃
                                                                                                   ┃
```

A query for `et` keeps multiple existing matches and also allows a new session.
The new-session row is selectable, so `M-up` jumps to that row.

    :k et
    :snap

```terminal
session: et                                                                                        ┃
  3/6 | [C-r] repo: none | [C-x] close, [C-f] flag                                                 ┃
▌⬤ beta                                                                                            ┃
 ⬤ zeta                                                                                            ┃
 ⬤ delta                                                                                           ┃
                                                                                                   ┃
                                                                                                   ┃
                                                                                                   ┃
                                                                                                   ┃
                                                                                                   ┃
                                                                                                   ┃
                                                                                                   ┃
```

    :k M-down
    :snap

```terminal
session: et                                                                                        ┃
  3/6 | [C-r] repo: none | [C-x] close, [C-f] flag                                                 ┃
 ⬤ beta                                                                                            ┃
 ⬤ zeta                                                                                            ┃
▌⬤ delta                                                                                           ┃
                                                                                                   ┃
                                                                                                   ┃
                                                                                                   ┃
                                                                                                   ┃
                                                                                                   ┃
                                                                                                   ┃
                                                                                                   ┃
```

    :k M-up
    :snap

```terminal
session: et                                                                                        ┃
  3/6 | [C-r] repo: none                                                                           ┃
▌  et                                                                                              ┃
 ⬤ beta                                                                                            ┃
 ⬤ zeta                                                                                            ┃
 ⬤ delta                                                                                           ┃
                                                                                                   ┃
                                                                                                   ┃
                                                                                                   ┃
                                                                                                   ┃
                                                                                                   ┃
                                                                                                   ┃
```

A query for `ta` also keeps multiple matches, but it exactly names the live
`ta` session. The new-session row contains a disambiguated name, so `M-up`
still jumps to it.

    :k C-u ta
    :snap

```terminal
session: ta                                                                                        ┃
  4/6 | [C-r] repo: none | [C-x] close, [C-f] flag                                                 ┃
   ta~1                                                                                            ┃
▌⬤ ta                                                                                              ┃
 ⬤ beta                                                                                            ┃
 ⬤ zeta                                                                                            ┃
 ⬤ delta                                                                                           ┃
                                                                                                   ┃
                                                                                                   ┃
                                                                                                   ┃
                                                                                                   ┃
                                                                                                   ┃
```

    :k M-down
    :snap

```terminal
session: ta                                                                                        ┃
  4/6 | [C-r] repo: none | [C-x] close, [C-f] flag                                                 ┃
   ta~1                                                                                            ┃
 ⬤ ta                                                                                              ┃
 ⬤ beta                                                                                            ┃
 ⬤ zeta                                                                                            ┃
▌⬤ delta                                                                                           ┃
                                                                                                   ┃
                                                                                                   ┃
                                                                                                   ┃
                                                                                                   ┃
                                                                                                   ┃
```

    :k M-up
    :snap

```terminal
session: ta                                                                                        ┃
  4/6 | [C-r] repo: none                                                                           ┃
▌  ta~1                                                                                            ┃
 ⬤ ta                                                                                              ┃
 ⬤ beta                                                                                            ┃
 ⬤ zeta                                                                                            ┃
 ⬤ delta                                                                                           ┃
                                                                                                   ┃
                                                                                                   ┃
                                                                                                   ┃
                                                                                                   ┃
                                                                                                   ┃
```

---
vim: set ft=markdown:
