---
source: crates/sesh/tests/test.rs
expression: output
input_file: crates/sesh/tests/cases/ui/repo-session-name-collisions.md
---
# Repo session name collisions

When multiple discovered repos derive the same default session name, each repo
candidate should use the same suffix needed to avoid live tmux session names.
Repo candidates are distinguished by their paths rather than by increasing
suffixes.

    :bins jj tmux mkdir cat

> [!NOTE]
> 'jj', 'tmux', 'mkdir', and 'cat' are available.

    :copy tests/fixtures/jjconfig.toml .jjconfig.toml (copied)

    :t rename-session -t 0 runner (success)
    :$ mkdir -p alpha omega (exit: 0)
    :$ jj git init alpha/beta (exit: 0)
    :$ jj describe -R alpha/beta -m "alpha beta commit" (exit: 0)
    :$ jj git init omega/beta (exit: 0)
    :$ jj describe -R omega/beta -m "omega beta commit" (exit: 0)
    :t new-session -d -s beta "cat" (success)

Launch the picker with both repos discoverable. Both inactive repo rows should
show `beta~1`; the second repo should not be assigned `beta~2` just because
the first repo candidate already uses `beta~1`. Similarly the new-session row
will also show `beta~1`:

    :t new-session -d -s ui "sesh -r '*/beta'" (success)
    :t resize-window -t ui:0 -x 120 -y 12 (success)
    :pane ui:0.0
    :settle -d 2s (settled)
    :k C-p beta up
    :snap

```terminal
session: beta                                                                                                          ┃
  3/5 | [C-r] repo: none | [C-x] close, [C-f] flag                                                                     ┃
▌⬤ beta                                                                                                                ┃
   beta~1                                   ~/a/beta                                                                   ┃
   beta~1                                   ~/o/beta                                                                   ┃
                                                                                                                       ┃
                                                                                                                       ┃
                                                                                                                       ┃
                                                                                                                       ┃
                                                                                                                       ┃
                                                                                                                       ┃
                                                                                                                       ┃
```

---
vim: set ft=markdown:
