---
source: crates/sesh/tests/test.rs
expression: output
input_file: crates/sesh/tests/cases/ui/repo-attached-session.md
---
# Mixed repo lifecycle

This scenario combines several repo-backed options in one picker:

- an open tmux session already attached to the `alpha` repo,
- a discovered `beta` repo with no open session,
- and a discovered `mono` repo plus its `mono-ws` workspace.

The glob passed to `sesh` ensures repos without matching tmux sessions are
still listed.

The `:snap` filters use distinct replacement characters so the snapshot makes
it obvious what was normalized:

- `t` replaces timestamps.
- `w` replaces `jj` change IDs that follow the preview graph markers.
- `h` replaces short hexadecimal commit IDs.

    :bins jj git cat

> [!NOTE]
> 'jj', 'git', and 'cat' are available.

    :copy tests/fixtures/jjconfig.toml .jjconfig.toml (copied)

Create an `alpha` repo that will be attached to a live tmux session.

    :t rename-session -t 0 runner (success)
    :$ jj git init alpha (exit: 0)
    :$ jj describe -R alpha -m "alpha commit" (exit: 0)

Create a `beta` repo that is only discoverable via the glob passed to `sesh
cli`.

    :$ jj git init beta (exit: 0)
    :$ jj describe -R beta -m "beta commit" (exit: 0)

Create a `mono` repo plus a `mono-ws` workspace so the picker can show multiple
entries from the same underlying repo.

    :$ jj git init mono (exit: 0)
    :$ jj describe -R mono -m "mono commit" (exit: 0)
    :$ jj workspace add mono-ws -R mono (exit: 0)
    :$ jj describe -R mono-ws -m "mono workspace commit" (exit: 0)

Launch one attached session for `alpha` and then open the picker with globbed
repo discovery enabled for `alpha`, `beta`, and `mono*`.

    :t new-session -d -s alpha-live "cat" (success)
    :t set-option -t alpha-live @sesh.repo alpha (success)
    :t new-session -d -s ui "sesh -r 'alpha' -r 'beta' -r 'mono*'" (success)
    :t resize-window -t ui:0 -x 120 -y 12 (success)
    :pane ui:0.0
    :settle -d 2s (settled)

Move from the recency-selected previous session to `alpha-live`. This snapshot
shows the mixed picker state before any query is typed, including the attached
session and glob-discovered repos.

    :k down
    :snap "/\d{4}-\d{2}-\d{2} \d{2}:\d{2}:\d{1,2}/t" "/(?:@|○|◆)\s+([a-z]{8})/w" "/\b([0-9a-f]{8})\b/h"

```terminal
session:
  7/7 | [C-r] repo: none | [C-x] close, [C-f] flag
 ⬤ runner                                                                                                              │
▌⬤ alpha-live                               alpha                                                                      ┃
────────────────────────────────────────────────────────────────────────────────────────────────────────────────────────
@  wwwwwwww (no email set) ttttttttttttttttttt hhhhhhhh
│  (empty) alpha commit
◆  wwwwwwww root() hhhhhhhh




```

This snapshot shows the picker after typing `beta`, so the selection should
move away from the initial attached-session result and onto the discovered
`beta` repo.

    :k beta
    :snap "/\d{4}-\d{2}-\d{2} \d{2}:\d{2}:\d{1,2}/t" "/(?:@|○|◆)\s+([a-z]{8})/w" "/\b([0-9a-f]{8})\b/h"

```terminal
session: beta
  1/7 | [C-r] repo: none
▌  beta                                     ~/beta                                                                     ┃
                                                                                                                       ┃
────────────────────────────────────────────────────────────────────────────────────────────────────────────────────────
@  wwwwwwww (no email set) ttttttttttttttttttt hhhhhhhh
│  (empty) beta commit
◆  wwwwwwww root() hhhhhhhh




```

This snapshot shows the picker after clearing the query with `C-u` and typing
`mono`, so the selection should switch to the discovered `mono` entries.

    :k C-u mono
    :snap --color "/\d{4}-\d{2}-\d{2} \d{2}:\d{2}:\d{1,2}/t" "/(?:@|○|◆)\s+([a-z]{8})/w" "/\b([0-9a-f]{8})\b/h"

```terminal
session: mono
  2/7 | [C-r] repo: none
▌  mono                                     ~/mono                                                                     │
   mono/mono-ws                             ~/mono-ws                                                                  ┃
────────────────────────────────────────────────────────────────────────────────────────────────────────────────────────
@  wwwwwwww (no email set) ttttttttttttttttttt default@ hhhhhhhh
│  (empty) mono commit
│ ○  wwwwwwww (no email set) ttttttttttttttttttt mono-ws@ hhhhhhhh
├─╯  (empty) mono workspace commit
◆  wwwwwwww root() hhhhhhhh


```

![light](repo-attached-session.md.snap.3.light.svg)
![dark](repo-attached-session.md.snap.3.dark.svg)

---
vim: set ft=markdown:
