---
source: crates/sesh/tests/test.rs
expression: output
input_file: crates/sesh/tests/cases/ui/toggle-preview.md
---
# Toggle preview

This scenario verifies that `C-p` toggles the preview pane.

    :bins jj cat

> [!NOTE]
> 'jj', and 'cat' are available.

    :copy tests/fixtures/jjconfig.toml .jjconfig.toml (copied)

    :t rename-session -t 0 runner (success)
    :$ jj git init alpha (exit: 0)
    :$ jj describe -R alpha -m "alpha commit" (exit: 0)
    :t new-session -d -s ui "sesh -r alpha" (success)
    :t resize-window -t ui:0 -x 100 -y 12 (success)
    :pane ui:0.0

The preview should be visible initially.

    :snap --color

```terminal
session:
  3/3 | [C-r] repo: none | [C-x] close, [C-f] flag
 ⬤ ui                                                                                              │
▌⬤ runner                                                                                          ┃
────────────────────────────────────────────────────────────────────────────────────────────────────







```

![light](toggle-preview.md.snap.1.light.svg)
![dark](toggle-preview.md.snap.1.dark.svg)

Pressing `C-p` should hide the preview and allow the list to use the full width.

    :k C-p
    :snap

```terminal
session:                                                                                           ┃
  3/3 | [C-r] repo: none | [C-x] close, [C-f] flag                                                 ┃
 ⬤ ui                                                                                              ┃
▌⬤ runner                                                                                          ┃
   alpha                                    ~/alpha                                                ┃
                                                                                                   ┃
                                                                                                   ┃
                                                                                                   ┃
                                                                                                   ┃
                                                                                                   ┃
                                                                                                   ┃
                                                                                                   ┃
```

Pressing `C-p` again should restore the preview.

    :k C-p
    :snap --color

```terminal
session:
  3/3 | [C-r] repo: none | [C-x] close, [C-f] flag
 ⬤ ui                                                                                              │
▌⬤ runner                                                                                          ┃
────────────────────────────────────────────────────────────────────────────────────────────────────







```

![light](toggle-preview.md.snap.3.light.svg)
![dark](toggle-preview.md.snap.3.dark.svg)

---
vim: set ft=markdown:
