---
source: crates/smth/tests/test.rs
expression: output
input_file: crates/smth/tests/cases/cli/close.md
---
# Close sessions

`--close` should kill only a strictly resolved live tmux session and preserve
all jj workspace state and checkout directories.

Create an `alpha` repository with `feature` and `other` workspaces so closure can
be checked separately from checkout deletion and workspace registration.

    :b jj tmux cat sh sed test (available)
    :cp tests/fixtures/jjconfig.toml .jjconfig.toml (copied)
    :t rename-session -t 0 runner (success)
    :$ smth --no-base --create-repo --create alpha (exit: 0)

```stdout
alpha
```

    :t rename-session -t alpha alpha-live (success)

Rename the default session above to exercise identity independent of its tmux
name. Pre-create the exact `feature` workspace before reserving its natural tmux
name: otherwise creating a missing workspace would disambiguate its checkout too.
The CLI should only disambiguate the live session attached to this workspace.

    :$ jj workspace add -R alpha --name feature alpha.feature (exit: 0)
    :t new-session -d -s alpha/feature "cat" (success)
    :$ smth --base alpha --create feature (exit: 0)

```stdout
alpha/feature~1
```

    :$ smth --base alpha --create other (exit: 0)

```stdout
alpha/other
```

    :t new-session -d -s scratch "cat" (success)

A named-workspace base should infer `feature` and close the disambiguated
repo-backed session while leaving the colliding plain session alive.

    :$ smth --base alpha.feature --close (exit: 0)
    :t has-session -t '=alpha/feature~1' (failure)

```
can't find session: alpha/feature~1
```

    :t has-session -t '=alpha/feature' (success)
    :$ test -d alpha.feature (exit: 0)
    :$ sh -c 'jj workspace list -R alpha --ignore-working-copy --no-pager --color never --template "name ++ \"\\n\"" | sed -n "/feature/p"' (exit: 0)

```stdout
feature
```

An explicit operand overrides the inferred workspace, and omitting the operand
for a default base closes the default checkout's live session.

    :$ smth --base alpha.feature --close other (exit: 0)
    :t has-session -t '=alpha/other' (failure)

```
can't find session: alpha/other
```

    :$ test -d alpha.other (exit: 0)
    :$ smth --base alpha --close (exit: 0)
    :t has-session -t '=alpha-live' (failure)

```
can't find session: alpha-live
```

    :$ test -d alpha (exit: 0)

The plain namespace remains independent: it can close both an ordinary plain
session and the plain collision without consulting repository metadata.

    :$ smth --no-base --close scratch (exit: 0)
    :t has-session -t '=scratch' (failure)

```
can't find session: scratch
```

    :$ smth --no-base --close alpha/feature (exit: 0)
    :t has-session -t '=alpha/feature' (failure)

```
can't find session: alpha/feature
```

Closing a registered workspace with no live session fails safely, as does an
unspecified plain target.

    :$ smth --base alpha --repo "alpha*" --close feature (exit: 1)

```stderr
error: session is not live
```

    :$ smth --no-base --close (exit: 1)

```stderr
error: session not found
```

Close rejects picker controls and every other lifecycle action.

    :$ smth --no-base --close runner --query runner (exit: 2)

```stderr
error: the argument '--close [<SESSION>]' cannot be used with '--query <STR>'

Usage: smth --no-base --close [<SESSION>]

For more information, try 'help'.
```

    :$ smth --no-base --close runner --create runner (exit: 2)

```stderr
error: the argument '--close [<SESSION>]' cannot be used with '--create [<SESSION>]'

Usage: smth --no-base --close [<SESSION>]

For more information, try 'help'.
```

---
vim: set ft=markdown:
