---
source: crates/sesh/tests/test.rs
expression: output
input_file: crates/sesh/tests/cases/agent-notification.md
---
# Agent notifications

Notifications should run a recursively nested configured command only when an
unfocused agent newly enters an attention-worthy state. Interpolated titles and
messages must remain data through every shell level.

    :bins sh cat

> [!NOTE]
> 'sh', and 'cat' are available.

    :t set-window-option -g monitor-bell on (success)

    :w .config/sesh/sesh.toml (written)

```toml
[notification]
command = [
  "sh",
  "-c",
  [
    "sh",
    "-c",
    "printf '%s\\n' \"$1\" \"$2\" \"$3\" \"$4\" \"${5:+socket-set}\" \"$6\" >> notifications",
    "notify",
    "{state}",
    "{title}",
    "{message}",
    "{pane}",
    "{socket}",
    "{tty}",
  ],
]
```

A running state is not attention-worthy. The first settled transition should
append one notification containing the supplied title and summary without
recursively interpolating the placeholders they contain. This headless test has
no eligible interactive client, so the optional client TTY is empty.

    :$ sesh agent running (exit: 0)
    :$ sesh agent succeeded --title "Fix {state}" --summary "it's {pane}; safe" (exit: 0)
    :$ cat notifications (exit: 0)

```stdout
succeeded
Fix {state}
it's {pane}; safe
%0
socket-set

```

Terminal bells default to off even when command notifications are enabled.

    :t display-message -p '#{window_bell_flag}' (success)

```
0
```

Changing between attention-worthy states should not append another
notification.

    :$ sesh agent failed --summary second (exit: 0)
    :$ cat notifications (exit: 0)

```stdout
succeeded
Fix {state}
it's {pane}; safe
%0
socket-set

```

After returning to a non-attention state, entering an attention state should
notify again.

    :$ sesh agent running (exit: 0)
    :$ sesh agent failed --summary second (exit: 0)
    :$ cat notifications (exit: 0)

```stdout
succeeded
Fix {state}
it's {pane}; safe
%0
socket-set

failed

second
%0
socket-set

```

A bell-only configuration should enable notifications and emit a terminal bell
in a background agent window.

    :w .config/sesh/sesh.toml (written)

```toml
[notification]
bell = true
```

The pane runs `sesh agent` itself so its stdout reaches the pane terminal. Wait
for an explicit tmux signal before checking the asynchronous result.

    :t new-window -d -t 0:1 "sesh agent running; sesh agent waiting; tmux wait-for -S bell-ready; cat" (success)
    :t wait-for bell-ready (success)
    :t display-message -p -t 0:1.0 '#{window_bell_flag}' (success)

```
1
```

Notification delivery is best-effort. A missing configured executable must not
make successful state publication fail.

    :w .config/sesh/sesh.toml (written)

```toml
[notification]
command = ["missing-notification-command"]
```

    :$ sesh agent running (exit: 0)
    :$ sesh agent waiting (exit: 0)
    :t show-options -pqv @sesh.agent.state (success)

```
waiting
```

---
vim: set ft=markdown:
