---
source: crates/smth-integration-tests/src/parser.rs
expression: "Script::parse(&[r#\"    :k C-M-S-up\"#, r#\"\"#].join(\"\\n\"))"
---
Script {
    lines: [
        Line {
            kind: Keys {
                keys: [
                    Key {
                        kind: Up,
                        ctrl: true,
                        meta: true,
                        shft: true,
                    },
                ],
            },
            raw: "    :k C-M-S-up",
        },
    ],
}
