---
source: crates/smth-integration-tests/src/parser.rs
expression: "Script::parse(&[r#\"    :shell \"unterminated\"#, r#\"\"#].join(\"\\n\"))"
---
Script {
    lines: [
        Line {
            kind: Error {
                message: "invalid shell arguments",
            },
            raw: "    :shell \"unterminated",
        },
    ],
}
