---
source: crates/smth-integration-tests/src/parser.rs
expression: "Script::parse(&[\"    :snap /foo/x  |baz|q\", \"\"].join(\"\\n\"))"
---
Script {
    lines: [
        Line {
            kind: Snap {
                count: 5,
                duration: 1s,
                color: false,
                filters: [
                    Filter {
                        patt: Regex(
                            "foo",
                        ),
                        paint: "x",
                    },
                    Filter {
                        patt: Regex(
                            "baz",
                        ),
                        paint: "q",
                    },
                ],
            },
            raw: "    :snap /foo/x  |baz|q",
        },
    ],
}
