---
source: crates/smth-integration-tests/src/parser.rs
expression: "Script::parse(&[\"    :snap --duration soon\", \"\"].join(\"\\n\"))"
---
Script {
    lines: [
        Line {
            kind: Error {
                message: "error: invalid value 'soon' for '--duration <DURATION>': invalid duration\n\nFor more information, try '--help'.\n",
            },
            raw: "    :snap --duration soon",
        },
    ],
}
